[
    {
        "name": "New Year's Day",
        "date": "2000-01-01"
    },
    {
        "name": "Eid al-Fitr Eve",
        "date": "2000-01-07"
    },
    {
        "name": "Eid al-Fitr 1. Day",
        "date": "2000-01-08"
    },
    {
        "name": "Eid al-Fitr 2. Day",
        "date": "2000-01-09"
    },
    {
        "name": "Eid al-Fitr 3. Day",
        "date": "2000-01-10"
    },
    {
        "name": "Eid al-Adha Eve",
        "date": "2000-03-15"
    },
    {
        "name": "Eid al-Adha 1. Day",
        "date": "2000-03-16"
    },
    {
        "name": "Eid al-Adha 2. Day",
        "date": "2000-03-17"
    },
    {
        "name": "Eid al-Adha 3. Day",
        "date": "2000-03-18"
    },
    {
        "name": "Eid al-Adha 4. Day",
        "date": "2000-03-19"
    },
    {
        "name": "Mother's Day",
        "date": "2000-03-21"
    },
    {
        "name": "Independence Day",
        "date": "2000-04-17"
    },
    {
        "name": "Western Easter",
        "date": "2000-04-23"
    },
    {
        "name": "Labor",
        "date": "2000-05-01"
    },
    {
        "name": "Martyrs' Day",
        "date": "2000-05-06"
    },
    {
        "name": "Eastern Easter",
        "date": "2000-05-28"
    },
    {
        "name": "Anniversary of the October War",
        "date": "2000-10-06"
    },
    {
        "name": "Christmas",
        "date": "2000-12-25"
    },
    {
        "name": "2. Eid al-Fitr Eve",
        "date": "2000-12-26"
    },
    {
        "name": "2. Eid al-Fitr 1. Day",
        "date": "2000-12-27"
    },
    {
        "name": "2. Eid al-Fitr 2. Day",
        "date": "2000-12-28"
    },
    {
        "name": "2. Eid al-Fitr 3. Day",
        "date": "2000-12-29"
    }
]