[
    {
        "name": "\u064a\u0648\u0645 \u0631\u0623\u0633 \u0627\u0644\u0633\u0646\u0629",
        "date": "2024-01-01"
    },
    {
        "name": "\u0639\u064a\u062f \u0627\u0644\u0623\u0645",
        "date": "2024-03-21"
    },
    {
        "name": "\u0639\u064a\u062f \u0627\u0644\u0641\u0635\u062d \u0627\u0644\u063a\u0631\u0628\u064a",
        "date": "2024-03-31"
    },
    {
        "name": "\u0644\u064a\u0644\u0629 \u0639\u064a\u062f \u0627\u0644\u0641\u0637\u0631",
        "date": "2024-04-09"
    },
    {
        "name": "\u0639\u064a\u062f \u0627\u0644\u0641\u0637\u0631 \u0627\u0644\u064a\u0648\u0645 \u0627\u0644\u0623\u0648\u0644",
        "date": "2024-04-10"
    },
    {
        "name": "\u0639\u064a\u062f \u0627\u0644\u0641\u0637\u0631 \u0627\u0644\u064a\u0648\u0645 \u0627\u0644\u062b\u0627\u0646\u064a",
        "date": "2024-04-11"
    },
    {
        "name": "\u0639\u064a\u062f \u0627\u0644\u0641\u0637\u0631 \u0627\u0644\u064a\u0648\u0645 \u0627\u0644\u062b\u0627\u0644\u062b",
        "date": "2024-04-12"
    },
    {
        "name": "\u0639\u064a\u062f \u0627\u0644\u0645\u0639\u0644\u0645",
        "date": "2024-04-17"
    },
    {
        "name": "\u0639\u064a\u062f \u0627\u0644\u0639\u0645\u0627\u0644",
        "date": "2024-05-01"
    },
    {
        "name": "\u0639\u064a\u062f \u0627\u0644\u0641\u0635\u062d \u0627\u0644\u0634\u0631\u0642\u064a",
        "date": "2024-05-05"
    },
    {
        "name": "\u0639\u064a\u062f \u0627\u0644\u0634\u0647\u062f\u0627\u0621",
        "date": "2024-05-06"
    },
    {
        "name": "\u0644\u064a\u0644\u0629 \u0639\u064a\u062f \u0627\u0644\u0623\u0636\u062d\u0649",
        "date": "2024-06-15"
    },
    {
        "name": "\u0639\u064a\u062f \u0627\u0644\u0623\u0636\u062d\u0649 \u0627\u0644\u064a\u0648\u0645 \u0627\u0644\u0623\u0648\u0644",
        "date": "2024-06-16"
    },
    {
        "name": "\u0639\u064a\u062f \u0627\u0644\u0623\u0636\u062d\u0649 \u0627\u0644\u064a\u0648\u0645 \u0627\u0644\u062b\u0627\u0646\u064a",
        "date": "2024-06-17"
    },
    {
        "name": "\u0639\u064a\u062f \u0627\u0644\u0623\u0636\u062d\u0649 \u0627\u0644\u064a\u0648\u0645 \u0627\u0644\u062b\u0627\u0644\u062b",
        "date": "2024-06-18"
    },
    {
        "name": "\u0639\u064a\u062f \u0627\u0644\u0623\u0636\u062d\u0649 \u0627\u0644\u064a\u0648\u0645 \u0627\u0644\u0631\u0627\u0628\u0639",
        "date": "2024-06-19"
    },
    {
        "name": "\u0630\u0643\u0631\u0649 \u062d\u0631\u0628 \u062a\u0634\u0631\u064a\u0646 \u0627\u0644\u062a\u062d\u0631\u064a\u0631\u064a\u0629",
        "date": "2024-10-06"
    },
    {
        "name": "\u0639\u064a\u062f \u0627\u0644\u0645\u064a\u0644\u0627\u062f \u0627\u0644\u0645\u062c\u064a\u062f",
        "date": "2024-12-25"
    }
]