[
    {
        "name": "New Year's Day",
        "date": "2006-01-01"
    },
    {
        "name": "Eid al-Adha Eve",
        "date": "2006-01-09"
    },
    {
        "name": "Eid al-Adha 1. Day",
        "date": "2006-01-10"
    },
    {
        "name": "Eid al-Adha 2. Day",
        "date": "2006-01-11"
    },
    {
        "name": "Eid al-Adha 3. Day",
        "date": "2006-01-12"
    },
    {
        "name": "Eid al-Adha 4. Day",
        "date": "2006-01-13"
    },
    {
        "name": "Mother's Day",
        "date": "2006-03-21"
    },
    {
        "name": "Western Easter",
        "date": "2006-04-16"
    },
    {
        "name": "Independence Day",
        "date": "2006-04-17"
    },
    {
        "name": "Labor",
        "date": "2006-05-01"
    },
    {
        "name": "Martyrs' Day",
        "date": "2006-05-06"
    },
    {
        "name": "Eastern Easter",
        "date": "2006-05-21"
    },
    {
        "name": "Anniversary of the October War",
        "date": "2006-10-06"
    },
    {
        "name": "Eid al-Fitr Eve",
        "date": "2006-10-22"
    },
    {
        "name": "Eid al-Fitr 1. Day",
        "date": "2006-10-23"
    },
    {
        "name": "Eid al-Fitr 2. Day",
        "date": "2006-10-24"
    },
    {
        "name": "Eid al-Fitr 3. Day",
        "date": "2006-10-25"
    },
    {
        "name": "Christmas",
        "date": "2006-12-25"
    },
    {
        "name": "2. Eid al-Adha Eve",
        "date": "2006-12-30"
    },
    {
        "name": "2. Eid al-Adha 1. Day",
        "date": "2006-12-31"
    }
]