[
    {
        "name": "New Year's Day",
        "date": "2005-01-01"
    },
    {
        "name": "Eid al-Adha Eve",
        "date": "2005-01-19"
    },
    {
        "name": "Eid al-Adha 1. Day",
        "date": "2005-01-20"
    },
    {
        "name": "Eid al-Adha 2. Day",
        "date": "2005-01-21"
    },
    {
        "name": "Eid al-Adha 3. Day",
        "date": "2005-01-22"
    },
    {
        "name": "Eid al-Adha 4. Day",
        "date": "2005-01-23"
    },
    {
        "name": "Mother's Day",
        "date": "2005-03-21"
    },
    {
        "name": "Western Easter",
        "date": "2005-03-27"
    },
    {
        "name": "Independence Day",
        "date": "2005-04-17"
    },
    {
        "name": "Labor",
        "date": "2005-05-01"
    },
    {
        "name": "Eastern Easter",
        "date": "2005-05-01"
    },
    {
        "name": "Martyrs' Day",
        "date": "2005-05-06"
    },
    {
        "name": "Anniversary of the October War",
        "date": "2005-10-06"
    },
    {
        "name": "Eid al-Fitr Eve",
        "date": "2005-11-02"
    },
    {
        "name": "Eid al-Fitr 1. Day",
        "date": "2005-11-03"
    },
    {
        "name": "Eid al-Fitr 2. Day",
        "date": "2005-11-04"
    },
    {
        "name": "Eid al-Fitr 3. Day",
        "date": "2005-11-05"
    },
    {
        "name": "Christmas",
        "date": "2005-12-25"
    }
]