[
    {
        "name": "New Year's Day",
        "date": "2017-01-01"
    },
    {
        "name": "Mother's Day",
        "date": "2017-03-21"
    },
    {
        "name": "Western Easter",
        "date": "2017-04-16"
    },
    {
        "name": "Independence Day",
        "date": "2017-04-17"
    },
    {
        "name": "Labor",
        "date": "2017-05-01"
    },
    {
        "name": "Martyrs' Day",
        "date": "2017-05-06"
    },
    {
        "name": "Eastern Easter",
        "date": "2017-05-21"
    },
    {
        "name": "Eid al-Fitr Eve",
        "date": "2017-06-24"
    },
    {
        "name": "Eid al-Fitr 1. Day",
        "date": "2017-06-25"
    },
    {
        "name": "Eid al-Fitr 2. Day",
        "date": "2017-06-26"
    },
    {
        "name": "Eid al-Fitr 3. Day",
        "date": "2017-06-27"
    },
    {
        "name": "Eid al-Adha Eve",
        "date": "2017-08-31"
    },
    {
        "name": "Eid al-Adha 1. Day",
        "date": "2017-09-01"
    },
    {
        "name": "Eid al-Adha 2. Day",
        "date": "2017-09-02"
    },
    {
        "name": "Eid al-Adha 3. Day",
        "date": "2017-09-03"
    },
    {
        "name": "Eid al-Adha 4. Day",
        "date": "2017-09-04"
    },
    {
        "name": "Anniversary of the October War",
        "date": "2017-10-06"
    },
    {
        "name": "Christmas",
        "date": "2017-12-25"
    }
]