[
    {
        "name": "New Year's Day",
        "date": "2024-01-01"
    },
    {
        "name": "Mother's Day",
        "date": "2024-03-21"
    },
    {
        "name": "Western Easter",
        "date": "2024-03-31"
    },
    {
        "name": "Eid al-Fitr Eve",
        "date": "2024-04-09"
    },
    {
        "name": "Eid al-Fitr 1. Day",
        "date": "2024-04-10"
    },
    {
        "name": "Eid al-Fitr 2. Day",
        "date": "2024-04-11"
    },
    {
        "name": "Eid al-Fitr 3. Day",
        "date": "2024-04-12"
    },
    {
        "name": "Independence Day",
        "date": "2024-04-17"
    },
    {
        "name": "Labor Day",
        "date": "2024-05-01"
    },
    {
        "name": "Eastern Easter",
        "date": "2024-05-05"
    },
    {
        "name": "Martyrs' Day",
        "date": "2024-05-06"
    },
    {
        "name": "Eid al-Adha Eve",
        "date": "2024-06-15"
    },
    {
        "name": "Eid al-Adha 1. Day",
        "date": "2024-06-16"
    },
    {
        "name": "Eid al-Adha 2. Day",
        "date": "2024-06-17"
    },
    {
        "name": "Eid al-Adha 3. Day",
        "date": "2024-06-18"
    },
    {
        "name": "Eid al-Adha 4. Day",
        "date": "2024-06-19"
    },
    {
        "name": "Anniversary of the October War",
        "date": "2024-10-06"
    },
    {
        "name": "Christmas",
        "date": "2024-12-25"
    }
]