[
    {
        "name": "New Year's Day",
        "date": "2033-01-01"
    },
    {
        "name": "Eid al-Fitr Eve",
        "date": "2033-01-01"
    },
    {
        "name": "Eid al-Fitr 1. Day",
        "date": "2033-01-02"
    },
    {
        "name": "Eid al-Fitr 2. Day",
        "date": "2033-01-03"
    },
    {
        "name": "Eid al-Fitr 3. Day",
        "date": "2033-01-04"
    },
    {
        "name": "Eid al-Adha Eve",
        "date": "2033-03-10"
    },
    {
        "name": "Eid al-Adha 1. Day",
        "date": "2033-03-11"
    },
    {
        "name": "Eid al-Adha 2. Day",
        "date": "2033-03-12"
    },
    {
        "name": "Eid al-Adha 3. Day",
        "date": "2033-03-13"
    },
    {
        "name": "Eid al-Adha 4. Day",
        "date": "2033-03-14"
    },
    {
        "name": "Mother's Day",
        "date": "2033-03-21"
    },
    {
        "name": "Independence Day",
        "date": "2033-04-17"
    },
    {
        "name": "Western Easter",
        "date": "2033-04-17"
    },
    {
        "name": "Labor",
        "date": "2033-05-01"
    },
    {
        "name": "Martyrs' Day",
        "date": "2033-05-06"
    },
    {
        "name": "Eastern Easter",
        "date": "2033-05-22"
    },
    {
        "name": "Anniversary of the October War",
        "date": "2033-10-06"
    },
    {
        "name": "2. Eid al-Fitr Eve",
        "date": "2033-12-22"
    },
    {
        "name": "2. Eid al-Fitr 1. Day",
        "date": "2033-12-23"
    },
    {
        "name": "2. Eid al-Fitr 2. Day",
        "date": "2033-12-24"
    },
    {
        "name": "Christmas",
        "date": "2033-12-25"
    },
    {
        "name": "2. Eid al-Fitr 3. Day",
        "date": "2033-12-25"
    }
]