[
    {
        "name": "New Year's Day",
        "date": "2025-01-01"
    },
    {
        "name": "Mother's Day",
        "date": "2025-03-21"
    },
    {
        "name": "Independence Day",
        "date": "2025-04-17"
    },
    {
        "name": "Western Easter",
        "date": "2025-04-20"
    },
    {
        "name": "Eid al-Fitr Eve",
        "date": "2025-04-29"
    },
    {
        "name": "Eid al-Fitr 1. Day",
        "date": "2025-04-30"
    },
    {
        "name": "Labor",
        "date": "2025-05-01"
    },
    {
        "name": "Eid al-Fitr 2. Day",
        "date": "2025-05-01"
    },
    {
        "name": "Eid al-Fitr 3. Day",
        "date": "2025-05-02"
    },
    {
        "name": "Martyrs' Day",
        "date": "2025-05-06"
    },
    {
        "name": "Eastern Easter",
        "date": "2025-05-25"
    },
    {
        "name": "Eid al-Adha Eve",
        "date": "2025-06-05"
    },
    {
        "name": "Eid al-Adha 1. Day",
        "date": "2025-06-06"
    },
    {
        "name": "Eid al-Adha 2. Day",
        "date": "2025-06-07"
    },
    {
        "name": "Eid al-Adha 3. Day",
        "date": "2025-06-08"
    },
    {
        "name": "Eid al-Adha 4. Day",
        "date": "2025-06-09"
    },
    {
        "name": "Anniversary of the October War",
        "date": "2025-10-06"
    },
    {
        "name": "Christmas",
        "date": "2025-12-25"
    }
]