[
    {
        "name": "New Year's Day",
        "date": "2032-01-01"
    },
    {
        "name": "Eid al-Fitr Eve",
        "date": "2032-01-13"
    },
    {
        "name": "Eid al-Fitr 1. Day",
        "date": "2032-01-14"
    },
    {
        "name": "Eid al-Fitr 2. Day",
        "date": "2032-01-15"
    },
    {
        "name": "Eid al-Fitr 3. Day",
        "date": "2032-01-16"
    },
    {
        "name": "Eid al-Adha Eve",
        "date": "2032-03-20"
    },
    {
        "name": "Mother's Day",
        "date": "2032-03-21"
    },
    {
        "name": "Eid al-Adha 1. Day",
        "date": "2032-03-21"
    },
    {
        "name": "Eid al-Adha 2. Day",
        "date": "2032-03-22"
    },
    {
        "name": "Eid al-Adha 3. Day",
        "date": "2032-03-23"
    },
    {
        "name": "Eid al-Adha 4. Day",
        "date": "2032-03-24"
    },
    {
        "name": "Western Easter",
        "date": "2032-03-28"
    },
    {
        "name": "Independence Day",
        "date": "2032-04-17"
    },
    {
        "name": "Labor",
        "date": "2032-05-01"
    },
    {
        "name": "Eastern Easter",
        "date": "2032-05-02"
    },
    {
        "name": "Martyrs' Day",
        "date": "2032-05-06"
    },
    {
        "name": "Anniversary of the October War",
        "date": "2032-10-06"
    },
    {
        "name": "Christmas",
        "date": "2032-12-25"
    }
]