[
    {
        "name": "New Year's Day",
        "date": "1975-01-01"
    },
    {
        "name": "Mother's Day",
        "date": "1975-03-21"
    },
    {
        "name": "Western Easter",
        "date": "1975-03-30"
    },
    {
        "name": "Independence Day",
        "date": "1975-04-17"
    },
    {
        "name": "Labor",
        "date": "1975-05-01"
    },
    {
        "name": "Eastern Easter",
        "date": "1975-05-04"
    },
    {
        "name": "Martyrs' Day",
        "date": "1975-05-06"
    },
    {
        "name": "Eid al-Fitr Eve",
        "date": "1975-10-05"
    },
    {
        "name": "Anniversary of the October War",
        "date": "1975-10-06"
    },
    {
        "name": "Eid al-Fitr 1. Day",
        "date": "1975-10-06"
    },
    {
        "name": "Eid al-Fitr 2. Day",
        "date": "1975-10-07"
    },
    {
        "name": "Eid al-Fitr 3. Day",
        "date": "1975-10-08"
    },
    {
        "name": "Eid al-Adha Eve",
        "date": "1975-12-12"
    },
    {
        "name": "Eid al-Adha 1. Day",
        "date": "1975-12-13"
    },
    {
        "name": "Eid al-Adha 2. Day",
        "date": "1975-12-14"
    },
    {
        "name": "Eid al-Adha 3. Day",
        "date": "1975-12-15"
    },
    {
        "name": "Eid al-Adha 4. Day",
        "date": "1975-12-16"
    },
    {
        "name": "Christmas",
        "date": "1975-12-25"
    }
]