[
    {
        "name": "New Year's Day",
        "date": "2023-01-01"
    },
    {
        "name": "Mother's Day",
        "date": "2023-03-21"
    },
    {
        "name": "Western Easter",
        "date": "2023-04-09"
    },
    {
        "name": "Independence Day",
        "date": "2023-04-17"
    },
    {
        "name": "Eid al-Fitr Eve",
        "date": "2023-04-20"
    },
    {
        "name": "Eid al-Fitr 1. Day",
        "date": "2023-04-21"
    },
    {
        "name": "Eid al-Fitr 2. Day",
        "date": "2023-04-22"
    },
    {
        "name": "Eid al-Fitr 3. Day",
        "date": "2023-04-23"
    },
    {
        "name": "Labor",
        "date": "2023-05-01"
    },
    {
        "name": "Martyrs' Day",
        "date": "2023-05-06"
    },
    {
        "name": "Eastern Easter",
        "date": "2023-05-14"
    },
    {
        "name": "Eid al-Adha Eve",
        "date": "2023-06-27"
    },
    {
        "name": "Eid al-Adha 1. Day",
        "date": "2023-06-28"
    },
    {
        "name": "Eid al-Adha 2. Day",
        "date": "2023-06-29"
    },
    {
        "name": "Eid al-Adha 3. Day",
        "date": "2023-06-30"
    },
    {
        "name": "Eid al-Adha 4. Day",
        "date": "2023-07-01"
    },
    {
        "name": "Anniversary of the October War",
        "date": "2023-10-06"
    },
    {
        "name": "Christmas",
        "date": "2023-12-25"
    }
]