[
    {
        "name": "New Year's Day",
        "date": "2037-01-01"
    },
    {
        "name": "Eid al-Adha Eve",
        "date": "2037-01-25"
    },
    {
        "name": "Eid al-Adha 1. Day",
        "date": "2037-01-26"
    },
    {
        "name": "Eid al-Adha 2. Day",
        "date": "2037-01-27"
    },
    {
        "name": "Eid al-Adha 3. Day",
        "date": "2037-01-28"
    },
    {
        "name": "Eid al-Adha 4. Day",
        "date": "2037-01-29"
    },
    {
        "name": "Mother's Day",
        "date": "2037-03-21"
    },
    {
        "name": "Western Easter",
        "date": "2037-04-05"
    },
    {
        "name": "Independence Day",
        "date": "2037-04-17"
    },
    {
        "name": "Labor Day",
        "date": "2037-05-01"
    },
    {
        "name": "Martyrs' Day",
        "date": "2037-05-06"
    },
    {
        "name": "Eastern Easter",
        "date": "2037-05-10"
    },
    {
        "name": "Anniversary of the October War",
        "date": "2037-10-06"
    },
    {
        "name": "Eid al-Fitr Eve",
        "date": "2037-11-08"
    },
    {
        "name": "Eid al-Fitr 1. Day",
        "date": "2037-11-09"
    },
    {
        "name": "Eid al-Fitr 2. Day",
        "date": "2037-11-10"
    },
    {
        "name": "Eid al-Fitr 3. Day",
        "date": "2037-11-11"
    },
    {
        "name": "Christmas",
        "date": "2037-12-25"
    }
]