[
    {
        "name": "New Year's Day",
        "date": "1999-01-01"
    },
    {
        "name": "Eid al-Fitr Eve",
        "date": "1999-01-18"
    },
    {
        "name": "Eid al-Fitr 1. Day",
        "date": "1999-01-19"
    },
    {
        "name": "Eid al-Fitr 2. Day",
        "date": "1999-01-20"
    },
    {
        "name": "Eid al-Fitr 3. Day",
        "date": "1999-01-21"
    },
    {
        "name": "Mother's Day",
        "date": "1999-03-21"
    },
    {
        "name": "Eid al-Adha Eve",
        "date": "1999-03-27"
    },
    {
        "name": "Eid al-Adha 1. Day",
        "date": "1999-03-28"
    },
    {
        "name": "Eid al-Adha 2. Day",
        "date": "1999-03-29"
    },
    {
        "name": "Eid al-Adha 3. Day",
        "date": "1999-03-30"
    },
    {
        "name": "Eid al-Adha 4. Day",
        "date": "1999-03-31"
    },
    {
        "name": "Western Easter",
        "date": "1999-04-04"
    },
    {
        "name": "Independence Day",
        "date": "1999-04-17"
    },
    {
        "name": "Labor",
        "date": "1999-05-01"
    },
    {
        "name": "Martyrs' Day",
        "date": "1999-05-06"
    },
    {
        "name": "Eastern Easter",
        "date": "1999-05-09"
    },
    {
        "name": "Anniversary of the October War",
        "date": "1999-10-06"
    },
    {
        "name": "Christmas",
        "date": "1999-12-25"
    }
]