[
    {
        "name": "New Year's Day",
        "date": "2009-01-01"
    },
    {
        "name": "Mother's Day",
        "date": "2009-03-21"
    },
    {
        "name": "Western Easter",
        "date": "2009-04-12"
    },
    {
        "name": "Independence Day",
        "date": "2009-04-17"
    },
    {
        "name": "Labor",
        "date": "2009-05-01"
    },
    {
        "name": "Martyrs' Day",
        "date": "2009-05-06"
    },
    {
        "name": "Eastern Easter",
        "date": "2009-05-17"
    },
    {
        "name": "Eid al-Fitr Eve",
        "date": "2009-09-19"
    },
    {
        "name": "Eid al-Fitr 1. Day",
        "date": "2009-09-20"
    },
    {
        "name": "Eid al-Fitr 2. Day",
        "date": "2009-09-21"
    },
    {
        "name": "Eid al-Fitr 3. Day",
        "date": "2009-09-22"
    },
    {
        "name": "Anniversary of the October War",
        "date": "2009-10-06"
    },
    {
        "name": "Eid al-Adha Eve",
        "date": "2009-11-26"
    },
    {
        "name": "Eid al-Adha 1. Day",
        "date": "2009-11-27"
    },
    {
        "name": "Eid al-Adha 2. Day",
        "date": "2009-11-28"
    },
    {
        "name": "Eid al-Adha 3. Day",
        "date": "2009-11-29"
    },
    {
        "name": "Eid al-Adha 4. Day",
        "date": "2009-11-30"
    },
    {
        "name": "Christmas",
        "date": "2009-12-25"
    }
]