[
    {
        "name": "New Year's Day",
        "date": "2001-01-01"
    },
    {
        "name": "Eid al-Adha Eve",
        "date": "2001-03-04"
    },
    {
        "name": "Eid al-Adha 1. Day",
        "date": "2001-03-05"
    },
    {
        "name": "Eid al-Adha 2. Day",
        "date": "2001-03-06"
    },
    {
        "name": "Eid al-Adha 3. Day",
        "date": "2001-03-07"
    },
    {
        "name": "Eid al-Adha 4. Day",
        "date": "2001-03-08"
    },
    {
        "name": "Mother's Day",
        "date": "2001-03-21"
    },
    {
        "name": "Western Easter",
        "date": "2001-04-15"
    },
    {
        "name": "Independence Day",
        "date": "2001-04-17"
    },
    {
        "name": "Labor",
        "date": "2001-05-01"
    },
    {
        "name": "Martyrs' Day",
        "date": "2001-05-06"
    },
    {
        "name": "Eastern Easter",
        "date": "2001-05-20"
    },
    {
        "name": "Anniversary of the October War",
        "date": "2001-10-06"
    },
    {
        "name": "Eid al-Fitr Eve",
        "date": "2001-12-15"
    },
    {
        "name": "Eid al-Fitr 1. Day",
        "date": "2001-12-16"
    },
    {
        "name": "Eid al-Fitr 2. Day",
        "date": "2001-12-17"
    },
    {
        "name": "Eid al-Fitr 3. Day",
        "date": "2001-12-18"
    },
    {
        "name": "Christmas",
        "date": "2001-12-25"
    }
]