[
    {
        "name": "New Year's Day",
        "date": "2021-01-01"
    },
    {
        "name": "Mother's Day",
        "date": "2021-03-21"
    },
    {
        "name": "Western Easter",
        "date": "2021-04-04"
    },
    {
        "name": "Independence Day",
        "date": "2021-04-17"
    },
    {
        "name": "Labor",
        "date": "2021-05-01"
    },
    {
        "name": "Martyrs' Day",
        "date": "2021-05-06"
    },
    {
        "name": "Eastern Easter",
        "date": "2021-05-09"
    },
    {
        "name": "Eid al-Fitr Eve",
        "date": "2021-05-12"
    },
    {
        "name": "Eid al-Fitr 1. Day",
        "date": "2021-05-13"
    },
    {
        "name": "Eid al-Fitr 2. Day",
        "date": "2021-05-14"
    },
    {
        "name": "Eid al-Fitr 3. Day",
        "date": "2021-05-15"
    },
    {
        "name": "Eid al-Adha Eve",
        "date": "2021-07-19"
    },
    {
        "name": "Eid al-Adha 1. Day",
        "date": "2021-07-20"
    },
    {
        "name": "Eid al-Adha 2. Day",
        "date": "2021-07-21"
    },
    {
        "name": "Eid al-Adha 3. Day",
        "date": "2021-07-22"
    },
    {
        "name": "Eid al-Adha 4. Day",
        "date": "2021-07-23"
    },
    {
        "name": "Anniversary of the October War",
        "date": "2021-10-06"
    },
    {
        "name": "Christmas",
        "date": "2021-12-25"
    }
]